---
source: crates/ts/tests/baseline_migration.rs
expression: "diff(&old, &new)"
---
- symbol: FooHeaderProps
  qualified_name: components/Foo/FooHeader.d.ts.FooHeaderProps
  kind: Interface
  change_type: "Renamed { from: Symbol { kind: Interface }, to: Symbol { kind: Interface } }"
  is_breaking: true
  description: "Exported interface `FooHeaderProps` was renamed to `FooProps`"
  before: FooHeaderProps
  after: FooProps
  has_migration_target: false
