---
source: crates/ts/tests/baseline_diff.rs
expression: "diff(&old, &new)"
---
- symbol: f
  qualified_name: f
  kind: Function
  change_type: MadeAsync
  is_breaking: true
  description: "`f` was made async (return type wrapped in Promise)"
  before: string
  after: Promise<string>
  has_migration_target: false
