---
source: crates/ts/tests/baseline_diff.rs
expression: "diff(&old, &new)"
---
- symbol: prop
  qualified_name: prop
  kind: Property
  change_type: "Added(Modifier { modifier: \"readonly\" })"
  is_breaking: true
  description: "`prop` was made readonly"
  before: mutable
  after: readonly
  has_migration_target: false
