---
source: crates/ts/tests/baseline_diff.rs
expression: "diff(&old, &new)"
---
- symbol: isExpanded
  qualified_name: Props.isExpanded
  kind: Property
  change_type: "Renamed { from: Member { name: \"isExpanded\", kind: Property }, to: Member { name: \"isOpened\", kind: Property } }"
  is_breaking: true
  description: "property `isExpanded` was renamed to `isOpened` in `Props`"
  before: isExpanded
  after: isOpened
  has_migration_target: false
- symbol: isActive
  qualified_name: Props.isActive
  kind: Property
  change_type: "Renamed { from: Member { name: \"isActive\", kind: Property }, to: Member { name: \"isClicked\", kind: Property } }"
  is_breaking: true
  description: "property `isActive` was renamed to `isClicked` in `Props`"
  before: isActive
  after: isClicked
  has_migration_target: false
