---
source: crates/ts/tests/baseline_diff.rs
expression: "diff(&old, &new)"
---
- symbol: f
  qualified_name: f
  kind: Function
  change_type: "Removed(Parameter { name: \"args\" })"
  is_breaking: true
  description: "Rest parameter `args` was removed from `f`"
  before: "...args: unknown[]"
  after: ~
  has_migration_target: false
