---
source: crates/ts/tests/baseline_diff.rs
expression: "diff(&old, &new)"
---
- symbol: utils
  qualified_name: index.utils
  kind: Namespace
  change_type: SymbolRemoved
  is_breaking: true
  description: "Exported namespace `utils` was removed"
  before: "namespace: utils"
  after: ~
  has_migration_target: false
