---
source: crates/ts/tests/baseline_diff.rs
expression: "diff(&old, &new)"
---
- symbol: greet
  qualified_name: greet
  kind: Function
  change_type: SymbolRemoved
  is_breaking: true
  description: "Exported function `greet` was removed"
  before: "function: greet: void"
  after: ~
  has_migration_target: false
