---
source: crates/ts/tests/baseline_diff.rs
expression: "diff(&old, &new)"
---
- symbol: isFlat
  qualified_name: packages/react-core/src/components/Card/Card.CardProps.isFlat
  kind: Property
  change_type: SymbolRenamed
  is_breaking: true
  description: "Exported property `isFlat` was renamed to `isPlain`"
  before: isFlat
  after: isPlain
  has_migration_target: false
