---
source: crates/ts/tests/baseline_diff.rs
expression: "diff(&old, &new)"
---
- symbol: f
  qualified_name: f
  kind: Function
  change_type: ParameterTypeChanged
  is_breaking: true
  description: "Parameter `a` of `f` changed type from `string` to `number`"
  before: string
  after: number
  has_migration_target: false
