---
source: crates/ts/tests/baseline_diff.rs
expression: "diff(&old, &new)"
---
- symbol: default
  qualified_name: pkg/dist/utils.default
  kind: Constant
  change_type: "Removed(Symbol { kind: Constant })"
  is_breaking: true
  description: "Exported constant `default` was removed"
  before: "constant: default"
  after: ~
  has_migration_target: false
