---
source: crates/ts/tests/baseline_diff.rs
expression: "diff(&old, &new)"
---
- symbol: f
  qualified_name: f
  kind: Function
  change_type: "Removed(Parameter { name: \"b\" })"
  is_breaking: true
  description: "Parameter `b` was removed from `f`"
  before: "b: number"
  after: ~
  has_migration_target: false
