---
source: crates/ts/tests/baseline_diff.rs
expression: "diff(&old, &new)"
---
- symbol: Green
  qualified_name: Green
  kind: EnumMember
  change_type: EnumMemberRemoved
  is_breaking: true
  description: "Enum member `Green` was removed from `Color`"
  before: "enum member: Green"
  after: ~
  has_migration_target: false
